Retrieving project…
Deploying wem1/wem-website
Uploading [--------------------] (0.0B/4MB)
Uploading [=====---------------] (1.0MB/4MB)
Uploading [==========----------] (2.0MB/4MB)
Uploading [===============-----] (3.0MB/4MB)
Uploading [====================] (4.0MB/4MB)
Inspect: https://vercel.com/wem1/wem-website/JBo9jnCmvD93ZjeFa9fHFEzkyDRJ [5s]
Preview: https://wem-website-brsjbvza9-wem1.vercel.app [5s]
https://wem-website-brsjbvza9-wem1.vercel.appBuilding...
Building...
Building: Running build in Washington, D.C., USA (East) – iad1
Building: Build machine configuration: 2 cores, 8 GB
Building: Retrieving list of deployment files...
Building: Previous build caches not available.
Building: Downloading 1315 deployment files...
Building: Running "vercel build"
Building: Vercel CLI 59.11.7
Building: Build Completed in /vercel/output [3s]
Building: Deploying outputs...
[2K[1A[2K[GPreview: https://wem-website-brsjbvza9-wem1.vercel.app [21s]
Completing...
To deploy to production (www.weglobalmarketing.com +1), run `vercel --prod`

Common next commands:
- `vercel inspect wem-website-brsjbvza9-wem1.vercel.app --logs`
- `vercel redeploy wem-website-brsjbvza9-wem1.vercel.app`
- `vercel deploy --prod`
> Tip: Run `npx plugins add vercel/vercel-plugin` to enhance your agent experience
