Retrieving project…
Deploying wem1/wem-website
Uploading [--------------------] (0.0B/328.4KB)
Uploading [=====---------------] (86.3KB/328.4KB)
Uploading [==========----------] (174.8KB/328.4KB)
Uploading [===============-----] (260.0KB/328.4KB)
Uploading [====================] (328.4KB/328.4KB)
Inspect: https://vercel.com/wem1/wem-website/962nGAqAc1VqGmUjQ8NkPDSL7hER [3s]
Preview: https://wem-website-9rahwsfjt-wem1.vercel.app [3s]
https://wem-website-9rahwsfjt-wem1.vercel.appBuilding...
Building...
Building: Running build in Washington, D.C., USA (East) – iad1
Building: Build machine configuration: 2 cores, 8 GB
Building: Retrieving list of deployment files...
Building: Previous build caches not available.
Building: Downloading 1315 deployment files...
Building: Running "vercel build"
Building: Vercel CLI 59.11.7
Building: Build Completed in /vercel/output [3s]
Building: Deploying outputs...
[2K[1A[2K[GPreview: https://wem-website-9rahwsfjt-wem1.vercel.app [18s]
Completing...
To deploy to production (www.weglobalmarketing.com +1), run `vercel --prod`

Common next commands:
- `vercel inspect wem-website-9rahwsfjt-wem1.vercel.app --logs`
- `vercel redeploy wem-website-9rahwsfjt-wem1.vercel.app`
- `vercel deploy --prod`
> Tip: Run `npx plugins add vercel/vercel-plugin` to enhance your agent experience
