Retrieving project…
Deploying wem1/wem-website
Uploading [--------------------] (0.0B/3.9MB)
Uploading [=====---------------] (1002.8KB/3.9MB)
Uploading [==========----------] (2.0MB/3.9MB)
Uploading [===============-----] (2.9MB/3.9MB)
Uploading [====================] (3.9MB/3.9MB)
Inspect: https://vercel.com/wem1/wem-website/9EkSxXDYeyWkvuUQuDmWt5XZdBBD [5s]
Preview: https://wem-website-lisx974xd-wem1.vercel.app [5s]
https://wem-website-lisx974xd-wem1.vercel.appBuilding...
Building...
Building: Running build in Washington, D.C., USA (East) – iad1
Building: Build machine configuration: 2 cores, 8 GB
Building: Retrieving list of deployment files...
Building: Previous build caches not available.
Building: Downloading 1444 deployment files...
Building: Running "vercel build"
Building: Vercel CLI 59.25.4
Building: Build Completed in /vercel/output [5s]
Building: Deploying outputs...
Building: Deployment completed
Building: Creating build cache...
Building: Skipping cache upload because no files were prepared
[2K[1A[2K[GPreview: https://wem-website-lisx974xd-wem1.vercel.app [27s]
Completing...
To deploy to production (www.weglobalmarketing.com +1), run `vercel --prod`

Common next commands:
- `vercel inspect wem-website-lisx974xd-wem1.vercel.app --logs`
- `vercel redeploy wem-website-lisx974xd-wem1.vercel.app`
- `vercel deploy --prod`
> Tip: Run `npx plugins add vercel/vercel-plugin` to enhance your agent experience
